OpenSTA 3.1.0 d1b2b3962c Copyright (c) 2026, Parallax Software, Inc.
License GPLv3: GNU GPL version 3 <http://gnu.org/licenses/gpl.html>

This is free software, and you are free to change and redistribute it
under certain conditions; type `show_copying' for details. 
This program comes with ABSOLUTELY NO WARRANTY; for details type `show_warranty'.
Warning 1171: libs/sky130/sky130_fd_sc_hd__tt_025C_1v80.lib line 23, default_fanout_load is 0.0.
Startpoint: _1117_ (rising edge-triggered flip-flop clocked by clk)
Endpoint: _1115_ (rising edge-triggered flip-flop clocked by clk)
Path Group: clk
Path Type: max

  Delay    Time   Description
---------------------------------------------------------
   0.00    0.00   clock clk (rise edge)
   0.00    0.00   clock network delay (ideal)
   0.00    0.00 ^ _1117_/CLK (sky130_fd_sc_hd__dfxtp_1)
   0.31    0.31 v _1117_/Q (sky130_fd_sc_hd__dfxtp_1)
   0.25    0.56 ^ _0566_/Y (sky130_fd_sc_hd__xnor2_1)
   0.10    0.66 v _0569_/X (sky130_fd_sc_hd__xor2_1)
   0.41    1.07 v _0575_/X (sky130_fd_sc_hd__maj3_1)
   0.40    1.47 v _0590_/X (sky130_fd_sc_hd__maj3_1)
   0.38    1.85 v _0607_/X (sky130_fd_sc_hd__maj3_1)
   0.37    2.22 v _0622_/X (sky130_fd_sc_hd__maj3_1)
   0.37    2.59 v _0636_/X (sky130_fd_sc_hd__maj3_1)
   0.37    2.97 v _0651_/X (sky130_fd_sc_hd__maj3_1)
   0.37    3.34 v _0664_/X (sky130_fd_sc_hd__maj3_1)
   0.37    3.72 v _0677_/X (sky130_fd_sc_hd__maj3_1)
   0.37    4.09 v _0692_/X (sky130_fd_sc_hd__maj3_1)
   0.37    4.46 v _0706_/X (sky130_fd_sc_hd__maj3_1)
   0.37    4.84 v _0721_/X (sky130_fd_sc_hd__maj3_1)
   0.37    5.21 v _0734_/X (sky130_fd_sc_hd__maj3_1)
   0.37    5.59 v _0749_/X (sky130_fd_sc_hd__maj3_1)
   0.37    5.96 v _0762_/X (sky130_fd_sc_hd__maj3_1)
   0.37    6.33 v _0775_/X (sky130_fd_sc_hd__maj3_1)
   0.37    6.71 v _0790_/X (sky130_fd_sc_hd__maj3_1)
   0.37    7.08 v _0805_/X (sky130_fd_sc_hd__maj3_1)
   0.37    7.46 v _0819_/X (sky130_fd_sc_hd__maj3_1)
   0.37    7.83 v _0834_/X (sky130_fd_sc_hd__maj3_1)
   0.37    8.20 v _0848_/X (sky130_fd_sc_hd__maj3_1)
   0.37    8.58 v _0863_/X (sky130_fd_sc_hd__maj3_1)
   0.37    8.95 v _0878_/X (sky130_fd_sc_hd__maj3_1)
   0.37    9.33 v _0891_/X (sky130_fd_sc_hd__maj3_1)
   0.37    9.70 v _0904_/X (sky130_fd_sc_hd__maj3_1)
   0.37   10.07 v _0917_/X (sky130_fd_sc_hd__maj3_1)
   0.37   10.45 v _0930_/X (sky130_fd_sc_hd__maj3_1)
   0.37   10.82 v _0943_/X (sky130_fd_sc_hd__maj3_1)
   0.37   11.19 v _0955_/X (sky130_fd_sc_hd__maj3_1)
   0.40   11.60 v _0968_/X (sky130_fd_sc_hd__maj3_1)
   0.37   11.97 v _0974_/X (sky130_fd_sc_hd__xor3_1)
   0.37   12.34 v _0980_/X (sky130_fd_sc_hd__maj3_1)
   0.35   12.69 v _0985_/X (sky130_fd_sc_hd__xnor3_1)
   0.13   12.82 ^ _0986_/Y (sky130_fd_sc_hd__xnor2_1)
   0.04   12.86 v _0987_/Y (sky130_fd_sc_hd__nor2_1)
   0.00   12.86 v _1115_/D (sky130_fd_sc_hd__dfxtp_1)
          12.86   data arrival time

   4.00    4.00   clock clk (rise edge)
   0.00    4.00   clock network delay (ideal)
   0.00    4.00   clock reconvergence pessimism
           4.00 ^ _1115_/CLK (sky130_fd_sc_hd__dfxtp_1)
  -0.11    3.89   library setup time
           3.89   data required time
---------------------------------------------------------
           3.89   data required time
         -12.86   data arrival time
---------------------------------------------------------
          -8.98   slack (VIOLATED)


wns max -8.98
