OpenSTA 3.1.0 d1b2b3962c Copyright (c) 2026, Parallax Software, Inc.
License GPLv3: GNU GPL version 3 <http://gnu.org/licenses/gpl.html>

This is free software, and you are free to change and redistribute it
under certain conditions; type `show_copying' for details. 
This program comes with ABSOLUTELY NO WARRANTY; for details type `show_warranty'.
Warning 1171: libs/sky130/sky130_fd_sc_hd__tt_025C_1v80.lib line 23, default_fanout_load is 0.0.
Startpoint: _3403_ (rising edge-triggered flip-flop clocked by clk)
Endpoint: _3274_ (rising edge-triggered flip-flop clocked by clk)
Path Group: clk
Path Type: max

  Delay    Time   Description
---------------------------------------------------------
   0.00    0.00   clock clk (rise edge)
   0.00    0.00   clock network delay (ideal)
   0.00    0.00 ^ _3403_/CLK (sky130_fd_sc_hd__dfxtp_1)
   0.29    0.29 v _3403_/Q (sky130_fd_sc_hd__dfxtp_1)
   0.19    0.47 v _2282_/X (sky130_fd_sc_hd__and2_0)
   0.39    0.86 v _2291_/X (sky130_fd_sc_hd__maj3_1)
   0.39    1.25 v _2299_/X (sky130_fd_sc_hd__maj3_1)
   0.39    1.65 v _2306_/X (sky130_fd_sc_hd__maj3_1)
   0.39    2.04 v _2313_/X (sky130_fd_sc_hd__maj3_1)
   0.39    2.43 v _2321_/X (sky130_fd_sc_hd__maj3_1)
   0.39    2.82 v _2328_/X (sky130_fd_sc_hd__maj3_1)
   0.39    3.22 v _2337_/X (sky130_fd_sc_hd__maj3_1)
   0.39    3.61 v _2345_/X (sky130_fd_sc_hd__maj3_1)
   0.39    4.00 v _2352_/X (sky130_fd_sc_hd__maj3_1)
   0.39    4.39 v _2360_/X (sky130_fd_sc_hd__maj3_1)
   0.39    4.78 v _2367_/X (sky130_fd_sc_hd__maj3_1)
   0.39    5.18 v _2374_/X (sky130_fd_sc_hd__maj3_1)
   0.39    5.57 v _2382_/X (sky130_fd_sc_hd__maj3_1)
   0.39    5.96 v _2389_/X (sky130_fd_sc_hd__maj3_1)
   0.39    6.35 v _2397_/X (sky130_fd_sc_hd__maj3_1)
   0.39    6.74 v _2405_/X (sky130_fd_sc_hd__maj3_1)
   0.39    7.14 v _2412_/X (sky130_fd_sc_hd__maj3_1)
   0.39    7.53 v _2420_/X (sky130_fd_sc_hd__maj3_1)
   0.39    7.92 v _2427_/X (sky130_fd_sc_hd__maj3_1)
   0.39    8.31 v _2434_/X (sky130_fd_sc_hd__maj3_1)
   0.39    8.71 v _2442_/X (sky130_fd_sc_hd__maj3_1)
   0.39    9.10 v _2449_/X (sky130_fd_sc_hd__maj3_1)
   0.39    9.49 v _2457_/X (sky130_fd_sc_hd__maj3_1)
   0.39    9.88 v _2465_/X (sky130_fd_sc_hd__maj3_1)
   0.39   10.27 v _2472_/X (sky130_fd_sc_hd__maj3_1)
   0.39   10.67 v _2480_/X (sky130_fd_sc_hd__maj3_1)
   0.39   11.06 v _2487_/X (sky130_fd_sc_hd__maj3_1)
   0.39   11.45 v _2494_/X (sky130_fd_sc_hd__maj3_1)
   0.39   11.84 v _2502_/X (sky130_fd_sc_hd__maj3_1)
   0.38   12.22 v _2509_/X (sky130_fd_sc_hd__maj3_1)
   0.34   12.56 v _2511_/X (sky130_fd_sc_hd__xnor3_1)
   0.20   12.76 ^ _2512_/X (sky130_fd_sc_hd__xnor3_1)
   0.03   12.79 v _2513_/Y (sky130_fd_sc_hd__nor2_1)
   0.00   12.79 v _3274_/D (sky130_fd_sc_hd__dfxtp_1)
          12.79   data arrival time

   4.00    4.00   clock clk (rise edge)
   0.00    4.00   clock network delay (ideal)
   0.00    4.00   clock reconvergence pessimism
           4.00 ^ _3274_/CLK (sky130_fd_sc_hd__dfxtp_1)
  -0.11    3.89   library setup time
           3.89   data required time
---------------------------------------------------------
           3.89   data required time
         -12.79   data arrival time
---------------------------------------------------------
          -8.90   slack (VIOLATED)


wns max -8.90
