OpenSTA 3.1.0 d1b2b3962c Copyright (c) 2026, Parallax Software, Inc.
License GPLv3: GNU GPL version 3 <http://gnu.org/licenses/gpl.html>

This is free software, and you are free to change and redistribute it
under certain conditions; type `show_copying' for details. 
This program comes with ABSOLUTELY NO WARRANTY; for details type `show_warranty'.
Warning 1171: libs/sky130/sky130_fd_sc_hd__tt_025C_1v80.lib line 23, default_fanout_load is 0.0.
Startpoint: _3427_ (rising edge-triggered flip-flop clocked by clk)
Endpoint: _3425_ (rising edge-triggered flip-flop clocked by clk)
Path Group: clk
Path Type: max

  Delay    Time   Description
---------------------------------------------------------
   0.00    0.00   clock clk (rise edge)
   0.00    0.00   clock network delay (ideal)
   0.00    0.00 ^ _3427_/CLK (sky130_fd_sc_hd__dfxtp_1)
   0.35    0.35 ^ _3427_/Q (sky130_fd_sc_hd__dfxtp_1)
   0.16    0.51 ^ _2432_/Y (sky130_fd_sc_hd__xnor2_1)
   0.15    0.66 v _2438_/Y (sky130_fd_sc_hd__o21ai_0)
   0.40    1.06 v _2446_/X (sky130_fd_sc_hd__maj3_1)
   0.39    1.45 v _2453_/X (sky130_fd_sc_hd__maj3_1)
   0.39    1.84 v _2461_/X (sky130_fd_sc_hd__maj3_1)
   0.39    2.23 v _2468_/X (sky130_fd_sc_hd__maj3_1)
   0.39    2.63 v _2477_/X (sky130_fd_sc_hd__maj3_1)
   0.39    3.02 v _2484_/X (sky130_fd_sc_hd__maj3_1)
   0.39    3.41 v _2491_/X (sky130_fd_sc_hd__maj3_1)
   0.39    3.80 v _2499_/X (sky130_fd_sc_hd__maj3_1)
   0.39    4.19 v _2506_/X (sky130_fd_sc_hd__maj3_1)
   0.39    4.59 v _2513_/X (sky130_fd_sc_hd__maj3_1)
   0.39    4.98 v _2520_/X (sky130_fd_sc_hd__maj3_1)
   0.39    5.37 v _2530_/X (sky130_fd_sc_hd__maj3_1)
   0.39    5.76 v _2537_/X (sky130_fd_sc_hd__maj3_1)
   0.42    6.18 v _2544_/X (sky130_fd_sc_hd__maj3_1)
   0.43    6.61 v _2556_/X (sky130_fd_sc_hd__maj3_1)
   0.43    7.04 v _2566_/X (sky130_fd_sc_hd__maj3_1)
   0.43    7.47 v _2575_/X (sky130_fd_sc_hd__maj3_1)
   0.43    7.89 v _2584_/X (sky130_fd_sc_hd__maj3_1)
   0.40    8.29 v _2594_/X (sky130_fd_sc_hd__maj3_1)
   0.39    8.68 v _2604_/X (sky130_fd_sc_hd__maj3_1)
   0.39    9.08 v _2611_/X (sky130_fd_sc_hd__maj3_1)
   0.39    9.47 v _2619_/X (sky130_fd_sc_hd__maj3_1)
   0.39    9.86 v _2627_/X (sky130_fd_sc_hd__maj3_1)
   0.39   10.25 v _2637_/X (sky130_fd_sc_hd__maj3_1)
   0.39   10.65 v _2647_/X (sky130_fd_sc_hd__maj3_1)
   0.39   11.04 v _2656_/X (sky130_fd_sc_hd__maj3_1)
   0.39   11.43 v _2663_/X (sky130_fd_sc_hd__maj3_1)
   0.39   11.82 v _2673_/X (sky130_fd_sc_hd__maj3_1)
   0.37   12.19 v _2683_/X (sky130_fd_sc_hd__maj3_1)
   0.18   12.38 ^ _2685_/Y (sky130_fd_sc_hd__xnor2_1)
   0.14   12.52 ^ _2686_/Y (sky130_fd_sc_hd__xnor2_1)
   0.22   12.73 v _2687_/X (sky130_fd_sc_hd__xnor3_1)
   0.08   12.81 ^ _2688_/Y (sky130_fd_sc_hd__nor2_1)
   0.00   12.81 ^ _3425_/D (sky130_fd_sc_hd__dfxtp_1)
          12.81   data arrival time

   4.00    4.00   clock clk (rise edge)
   0.00    4.00   clock network delay (ideal)
   0.00    4.00   clock reconvergence pessimism
           4.00 ^ _3425_/CLK (sky130_fd_sc_hd__dfxtp_1)
  -0.06    3.94   library setup time
           3.94   data required time
---------------------------------------------------------
           3.94   data required time
         -12.81   data arrival time
---------------------------------------------------------
          -8.87   slack (VIOLATED)


wns max -8.87
