OpenSTA 3.1.0 d1b2b3962c Copyright (c) 2026, Parallax Software, Inc.
License GPLv3: GNU GPL version 3 <http://gnu.org/licenses/gpl.html>

This is free software, and you are free to change and redistribute it
under certain conditions; type `show_copying' for details. 
This program comes with ABSOLUTELY NO WARRANTY; for details type `show_warranty'.
Warning 1171: libs/sky130/sky130_fd_sc_hd__tt_025C_1v80.lib line 23, default_fanout_load is 0.0.
Startpoint: _493_ (rising edge-triggered flip-flop clocked by clk)
Endpoint: _430_ (rising edge-triggered flip-flop clocked by clk)
Path Group: clk
Path Type: max

  Delay    Time   Description
---------------------------------------------------------
   0.00    0.00   clock clk (rise edge)
   0.00    0.00   clock network delay (ideal)
   0.00    0.00 ^ _493_/CLK (sky130_fd_sc_hd__dfrtp_1)
   0.35    0.35 v _493_/Q (sky130_fd_sc_hd__dfrtp_1)
   0.12    0.46 ^ _300_/Y (sky130_fd_sc_hd__nor2_1)
   0.12    0.59 v _303_/Y (sky130_fd_sc_hd__o21ai_0)
   0.40    0.99 v _306_/X (sky130_fd_sc_hd__maj3_1)
   0.39    1.38 v _309_/X (sky130_fd_sc_hd__maj3_1)
   0.39    1.77 v _312_/X (sky130_fd_sc_hd__maj3_1)
   0.39    2.16 v _315_/X (sky130_fd_sc_hd__maj3_1)
   0.39    2.55 v _318_/X (sky130_fd_sc_hd__maj3_1)
   0.39    2.95 v _321_/X (sky130_fd_sc_hd__maj3_1)
   0.39    3.34 v _324_/X (sky130_fd_sc_hd__maj3_1)
   0.39    3.73 v _327_/X (sky130_fd_sc_hd__maj3_1)
   0.39    4.12 v _330_/X (sky130_fd_sc_hd__maj3_1)
   0.39    4.52 v _333_/X (sky130_fd_sc_hd__maj3_1)
   0.39    4.91 v _336_/X (sky130_fd_sc_hd__maj3_1)
   0.39    5.30 v _339_/X (sky130_fd_sc_hd__maj3_1)
   0.37    5.67 v _342_/X (sky130_fd_sc_hd__maj3_1)
   0.13    5.80 v _344_/Y (sky130_fd_sc_hd__xnor2_1)
   0.00    5.80 v _430_/D (sky130_fd_sc_hd__dfrtp_1)
           5.80   data arrival time

   4.00    4.00   clock clk (rise edge)
   0.00    4.00   clock network delay (ideal)
   0.00    4.00   clock reconvergence pessimism
           4.00 ^ _430_/CLK (sky130_fd_sc_hd__dfrtp_1)
  -0.12    3.88   library setup time
           3.88   data required time
---------------------------------------------------------
           3.88   data required time
          -5.80   data arrival time
---------------------------------------------------------
          -1.92   slack (VIOLATED)


wns max -1.92
