OpenSTA 3.1.0 d1b2b3962c Copyright (c) 2026, Parallax Software, Inc.
License GPLv3: GNU GPL version 3 <http://gnu.org/licenses/gpl.html>

This is free software, and you are free to change and redistribute it
under certain conditions; type `show_copying' for details. 
This program comes with ABSOLUTELY NO WARRANTY; for details type `show_warranty'.
Warning 1171: libs/sky130/sky130_fd_sc_hd__tt_025C_1v80.lib line 23, default_fanout_load is 0.0.
Startpoint: _533_ (rising edge-triggered flip-flop clocked by clk)
Endpoint: _531_ (rising edge-triggered flip-flop clocked by clk)
Path Group: clk
Path Type: max

  Delay    Time   Description
---------------------------------------------------------
   0.00    0.00   clock clk (rise edge)
   0.00    0.00   clock network delay (ideal)
   0.00    0.00 ^ _533_/CLK (sky130_fd_sc_hd__dfrtp_1)
   0.35    0.35 v _533_/Q (sky130_fd_sc_hd__dfrtp_1)
   0.12    0.46 ^ _255_/Y (sky130_fd_sc_hd__nor2_1)
   0.12    0.59 v _257_/Y (sky130_fd_sc_hd__o21ai_0)
   0.40    0.99 v _258_/X (sky130_fd_sc_hd__maj3_1)
   0.39    1.38 v _259_/X (sky130_fd_sc_hd__maj3_1)
   0.39    1.77 v _260_/X (sky130_fd_sc_hd__maj3_1)
   0.39    2.17 v _261_/X (sky130_fd_sc_hd__maj3_1)
   0.39    2.56 v _262_/X (sky130_fd_sc_hd__maj3_1)
   0.39    2.95 v _263_/X (sky130_fd_sc_hd__maj3_1)
   0.39    3.34 v _264_/X (sky130_fd_sc_hd__maj3_1)
   0.39    3.74 v _265_/X (sky130_fd_sc_hd__maj3_1)
   0.39    4.13 v _266_/X (sky130_fd_sc_hd__maj3_1)
   0.39    4.52 v _267_/X (sky130_fd_sc_hd__maj3_1)
   0.39    4.92 v _268_/X (sky130_fd_sc_hd__maj3_1)
   0.39    5.31 v _269_/X (sky130_fd_sc_hd__maj3_1)
   0.37    5.68 v _272_/X (sky130_fd_sc_hd__maj3_1)
   0.13    5.81 v _274_/Y (sky130_fd_sc_hd__xnor2_1)
   0.00    5.81 v _531_/D (sky130_fd_sc_hd__dfrtp_1)
           5.81   data arrival time

   4.00    4.00   clock clk (rise edge)
   0.00    4.00   clock network delay (ideal)
   0.00    4.00   clock reconvergence pessimism
           4.00 ^ _531_/CLK (sky130_fd_sc_hd__dfrtp_1)
  -0.12    3.88   library setup time
           3.88   data required time
---------------------------------------------------------
           3.88   data required time
          -5.81   data arrival time
---------------------------------------------------------
          -1.93   slack (VIOLATED)


wns max -1.93
