OpenSTA 3.1.0 d1b2b3962c Copyright (c) 2026, Parallax Software, Inc.
License GPLv3: GNU GPL version 3 <http://gnu.org/licenses/gpl.html>

This is free software, and you are free to change and redistribute it
under certain conditions; type `show_copying' for details. 
This program comes with ABSOLUTELY NO WARRANTY; for details type `show_warranty'.
Warning 1171: libs/sky130/sky130_fd_sc_hd__tt_025C_1v80.lib line 23, default_fanout_load is 0.0.
Startpoint: _12547_ (rising edge-triggered flip-flop clocked by clk)
Endpoint: _12546_ (rising edge-triggered flip-flop clocked by clk)
Path Group: clk
Path Type: max

  Delay    Time   Description
---------------------------------------------------------
   0.00    0.00   clock clk (rise edge)
   0.00    0.00   clock network delay (ideal)
   0.00    0.00 ^ _12547_/CLK (sky130_fd_sc_hd__dfrtp_1)
   0.36    0.36 v _12547_/Q (sky130_fd_sc_hd__dfrtp_1)
   0.15    0.50 ^ _10329_/Y (sky130_fd_sc_hd__nor2_1)
   0.15    0.65 v _10334_/Y (sky130_fd_sc_hd__o21ai_0)
   0.40    1.05 v _10337_/X (sky130_fd_sc_hd__maj3_1)
   0.39    1.45 v _10340_/X (sky130_fd_sc_hd__maj3_1)
   0.39    1.84 v _10343_/X (sky130_fd_sc_hd__maj3_1)
   0.39    2.23 v _10346_/X (sky130_fd_sc_hd__maj3_1)
   0.39    2.62 v _10349_/X (sky130_fd_sc_hd__maj3_1)
   0.39    3.01 v _10352_/X (sky130_fd_sc_hd__maj3_1)
   0.39    3.41 v _10355_/X (sky130_fd_sc_hd__maj3_1)
   0.39    3.80 v _10358_/X (sky130_fd_sc_hd__maj3_1)
   0.39    4.19 v _10361_/X (sky130_fd_sc_hd__maj3_1)
   0.39    4.58 v _10364_/X (sky130_fd_sc_hd__maj3_1)
   0.39    4.98 v _10367_/X (sky130_fd_sc_hd__maj3_1)
   0.39    5.37 v _10370_/X (sky130_fd_sc_hd__maj3_1)
   0.39    5.76 v _10373_/X (sky130_fd_sc_hd__maj3_1)
   0.39    6.15 v _10376_/X (sky130_fd_sc_hd__maj3_1)
   0.39    6.54 v _10379_/X (sky130_fd_sc_hd__maj3_1)
   0.39    6.94 v _10382_/X (sky130_fd_sc_hd__maj3_1)
   0.39    7.33 v _10385_/X (sky130_fd_sc_hd__maj3_1)
   0.39    7.72 v _10388_/X (sky130_fd_sc_hd__maj3_1)
   0.39    8.11 v _10391_/X (sky130_fd_sc_hd__maj3_1)
   0.39    8.51 v _10394_/X (sky130_fd_sc_hd__maj3_1)
   0.39    8.90 v _10397_/X (sky130_fd_sc_hd__maj3_1)
   0.39    9.29 v _10400_/X (sky130_fd_sc_hd__maj3_1)
   0.39    9.68 v _10403_/X (sky130_fd_sc_hd__maj3_1)
   0.39   10.07 v _10406_/X (sky130_fd_sc_hd__maj3_1)
   0.39   10.47 v _10409_/X (sky130_fd_sc_hd__maj3_1)
   0.39   10.86 v _10412_/X (sky130_fd_sc_hd__maj3_1)
   0.39   11.25 v _10415_/X (sky130_fd_sc_hd__maj3_1)
   0.39   11.64 v _10418_/X (sky130_fd_sc_hd__maj3_1)
   0.37   12.01 v _10421_/X (sky130_fd_sc_hd__maj3_1)
   0.13   12.14 v _10423_/Y (sky130_fd_sc_hd__xnor2_1)
   0.00   12.14 v _12546_/D (sky130_fd_sc_hd__dfrtp_1)
          12.14   data arrival time

   4.00    4.00   clock clk (rise edge)
   0.00    4.00   clock network delay (ideal)
   0.00    4.00   clock reconvergence pessimism
           4.00 ^ _12546_/CLK (sky130_fd_sc_hd__dfrtp_1)
  -0.12    3.88   library setup time
           3.88   data required time
---------------------------------------------------------
           3.88   data required time
         -12.14   data arrival time
---------------------------------------------------------
          -8.26   slack (VIOLATED)


wns max -8.26
