OpenSTA 3.1.0 d1b2b3962c Copyright (c) 2026, Parallax Software, Inc.
License GPLv3: GNU GPL version 3 <http://gnu.org/licenses/gpl.html>

This is free software, and you are free to change and redistribute it
under certain conditions; type `show_copying' for details. 
This program comes with ABSOLUTELY NO WARRANTY; for details type `show_warranty'.
Warning 1171: libs/sky130/sky130_fd_sc_hd__tt_025C_1v80.lib line 23, default_fanout_load is 0.0.
Startpoint: _3523_ (rising edge-triggered flip-flop clocked by clk)
Endpoint: _3418_ (rising edge-triggered flip-flop clocked by clk)
Path Group: clk
Path Type: max

  Delay    Time   Description
---------------------------------------------------------
   0.00    0.00   clock clk (rise edge)
   0.00    0.00   clock network delay (ideal)
   0.00    0.00 ^ _3523_/CLK (sky130_fd_sc_hd__dfxtp_1)
   0.34    0.34 ^ _3523_/Q (sky130_fd_sc_hd__dfxtp_1)
   0.44    0.78 v _2408_/X (sky130_fd_sc_hd__xnor3_1)
   0.26    1.04 v _2441_/X (sky130_fd_sc_hd__lpflow_inputiso1p_1)
   0.38    1.41 v _2446_/X (sky130_fd_sc_hd__maj3_1)
   0.41    1.83 v _2449_/X (sky130_fd_sc_hd__maj3_1)
   0.39    2.22 v _2453_/X (sky130_fd_sc_hd__maj3_1)
   0.41    2.63 v _2456_/X (sky130_fd_sc_hd__maj3_1)
   0.39    3.03 v _2460_/X (sky130_fd_sc_hd__maj3_1)
   0.41    3.44 v _2463_/X (sky130_fd_sc_hd__maj3_1)
   0.39    3.83 v _2467_/X (sky130_fd_sc_hd__maj3_1)
   0.38    4.21 v _2470_/X (sky130_fd_sc_hd__maj3_1)
   0.41    4.63 v _2473_/X (sky130_fd_sc_hd__maj3_1)
   0.42    5.05 v _2477_/X (sky130_fd_sc_hd__maj3_1)
   0.40    5.45 v _2481_/X (sky130_fd_sc_hd__maj3_1)
   0.24    5.69 ^ _2484_/X (sky130_fd_sc_hd__xnor3_1)
   0.24    5.93 ^ _2524_/X (sky130_fd_sc_hd__xor2_1)
   0.38    6.31 v _2573_/X (sky130_fd_sc_hd__xnor3_1)
   0.17    6.48 v _2611_/Y (sky130_fd_sc_hd__xnor2_1)
   0.37    6.85 v _2669_/X (sky130_fd_sc_hd__maj3_1)
   0.39    7.23 v _2673_/X (sky130_fd_sc_hd__maj3_1)
   0.08    7.31 ^ _2675_/Y (sky130_fd_sc_hd__nand2b_1)
   0.13    7.44 v _2678_/Y (sky130_fd_sc_hd__o21ai_0)
   0.37    7.81 v _2713_/X (sky130_fd_sc_hd__xor3_1)
   0.08    7.89 ^ _2714_/Y (sky130_fd_sc_hd__nor2_1)
   0.00    7.89 ^ _3418_/D (sky130_fd_sc_hd__dfxtp_1)
           7.89   data arrival time

   4.00    4.00   clock clk (rise edge)
   0.00    4.00   clock network delay (ideal)
   0.00    4.00   clock reconvergence pessimism
           4.00 ^ _3418_/CLK (sky130_fd_sc_hd__dfxtp_1)
  -0.06    3.94   library setup time
           3.94   data required time
---------------------------------------------------------
           3.94   data required time
          -7.89   data arrival time
---------------------------------------------------------
          -3.95   slack (VIOLATED)


wns max -3.95
