OpenSTA 3.1.0 d1b2b3962c Copyright (c) 2026, Parallax Software, Inc.
License GPLv3: GNU GPL version 3 <http://gnu.org/licenses/gpl.html>

This is free software, and you are free to change and redistribute it
under certain conditions; type `show_copying' for details. 
This program comes with ABSOLUTELY NO WARRANTY; for details type `show_warranty'.
Warning 1171: libs/sky130/sky130_fd_sc_hd__tt_025C_1v80.lib line 23, default_fanout_load is 0.0.
Startpoint: _41_ (rising edge-triggered flip-flop clocked by clk)
Endpoint: _40_ (rising edge-triggered flip-flop clocked by clk)
Path Group: clk
Path Type: max

  Delay    Time   Description
---------------------------------------------------------
   0.00    0.00   clock clk (rise edge)
   0.00    0.00   clock network delay (ideal)
   0.00    0.00 ^ _41_/CLK (sky130_fd_sc_hd__dfxtp_1)
   0.29    0.29 v _41_/Q (sky130_fd_sc_hd__dfxtp_1)
   0.21    0.50 ^ _20_/Y (sky130_fd_sc_hd__xnor2_1)
   0.16    0.66 ^ _29_/Y (sky130_fd_sc_hd__xnor2_1)
   0.09    0.74 v _30_/Y (sky130_fd_sc_hd__a21oi_1)
   0.10    0.84 v _31_/X (sky130_fd_sc_hd__o21a_1)
   0.00    0.84 v _40_/D (sky130_fd_sc_hd__dfxtp_1)
           0.84   data arrival time

   4.00    4.00   clock clk (rise edge)
   0.00    4.00   clock network delay (ideal)
   0.00    4.00   clock reconvergence pessimism
           4.00 ^ _40_/CLK (sky130_fd_sc_hd__dfxtp_1)
  -0.11    3.89   library setup time
           3.89   data required time
---------------------------------------------------------
           3.89   data required time
          -0.84   data arrival time
---------------------------------------------------------
           3.04   slack (MET)


wns max 0.00
